Are you running this on a computer WITHOUT a network connection of any kind? (y/n)?Have the wireless cards in this computer been physically removed? (y/n)?Are you running on battery power? (y/n)?Are you running on an operating system booted from a USB drive? (y/n)?Is your screen hidden from view of windows, cameras, and other people? (y/n)?Are smartphones and all other nearby devices turned off and in a Faraday bag? (y/n)?
You will need to enter several pieces of information to create a withdrawal transaction.


*** PLEASE BE SURE TO ENTER THE CORRECT DESTINATION ADDRESS ***


Source cold storage address: 
Redemption script for source cold storage address: 
Destination address: 
How many unspent transactions will you be using for this withdrawal? 
Please paste raw transaction #1 (hexadecimal format) with unspent outputs at the source address
OR
input a filename located in the current directory which contains the raw transaction data
(If the transaction data is over ~4000 characters long, you _must_ use a file.):

Transaction data found for source address.
TOTAL unspent amount for this raw transaction: 0.20000000 BTC

How many private keys will you be signing this transaction with? 
#: Key #1: Key #2: Key #3: 
Enter fee rate.
Satoshis per vbyte: 
Based on the provided rate, the fee will be 0.00005110 bitcoin.
Confirm? (y/n): 
Please enter the decimal amount (in bitcoin) to withdraw to the destination address.

Example: For 2.3 bitcoins, enter "2.3".

After a fee of 0.00005110, you have 0.19994890 bitcoins available to withdraw.

*** Technical note for experienced Bitcoin users:  If the withdrawal amount & fee are cumulatively less than the total amount of the unspent transactions, the remainder will be sent back to the same cold storage address as change. ***

Amount to send to mxBQD1QAYpwiudaCJdRhE9QSW9cokafJ99 (leave blank to withdraw all funds stored in these unspent transactions): With no change output, the transaction fee is reduced, and 0.19995210 BTC will be sent to your destination.

Is this data correct?
*** WARNING: Incorrect data may lead to loss of funds ***

0.20000000 BTC in unspent supplied transactions
0.19995210 BTC going to destination address mxBQD1QAYpwiudaCJdRhE9QSW9cokafJ99
Fee amount: 0.00004790

Signing with private keys: 
cQy39MvkMKeaEvG1wXejdtEvAdU381u9EBBmcKUJWbfn6QL82YvR
cUv81BVz1JWuA9uwECPvfsoyA1TqmFJBJaQUPYrxkdf44zQSiTZY
cVV1MBAgdAnrX8bjQWSJcgZAbVtprR8kgdfez858ejvXs3qZWqn2


Confirm? (y/n): 
Calculating transaction...


Sufficient private keys to execute transaction?
True

Raw signed transaction (hex):
020000000154f3a5ba6a5a2beb6975c59895ad36fe84aa622edbaa662dadbd6e2a7a8a846702000000fd88010047304402206f9b618a8541e5fa3fc0b0aaa0278b9f0978c1f47e5de95d96ec7d715fd264de02202752d3547d5143cd219668d287cd42f8efc8e34ba0de9dfae40f5ba729ab9cb901473044022035e0f9d22099ca3c12d078eeea56a36bf53b7eec51f0b13bf4c60c039d492a960220668eab3a71a12cc2456f7c8c5be0d25d06006344ea4b018eab8a9cef6cf6271801473044022040e2f637054c0cdeb6d24adaa391f8d6e75d96e5a880991e41b9348c7f4ccb0f02207fa1161dd852da737679ad029d770618d575b2eca027d0d874064ca04d0efa95014cad53210320849607eed265c09f51cda0e972426558276384870651250aa4e8638c334ced2102766c70472a8a3de751d126eddac8436338f8447b1967b5aa3b12a2b9a6e712e921039080ddc448e7fe4985676a7d2d6567dfc2febb8207a6f29b9737233f4c3b44d62103fa2d2c07653afb0a73340ee9e6b10ff0d4624c93b01127e9a69efbed48468e0121029669b79d7e05f20ca7aa418edc839da904467253c9e47194cb83e69ee418315155aeffffffff014a1a3101000000001976a914b6c7733e23a271e57ca16e5cd885174917968db988ac00000000

Transaction fingerprint (md5):
0a878a8770460f5d39effc4b1753eab1
QR code for transaction written to transaction.png
