Are you running this on a computer WITHOUT a network connection of any kind? (y/n)?Have the wireless cards in this computer been physically removed? (y/n)?Are you running on battery power? (y/n)?Are you running on an operating system booted from a USB drive? (y/n)?Is your screen hidden from view of windows, cameras, and other people? (y/n)?Are smartphones and all other nearby devices turned off and in a Faraday bag? (y/n)?
You will need to enter several pieces of information to create a withdrawal transaction.


*** PLEASE BE SURE TO ENTER THE CORRECT DESTINATION ADDRESS ***


Source cold storage address: 
Redemption script for source cold storage address: 
Destination address: 
How many unspent transactions will you be using for this withdrawal? 
Please paste raw transaction #1 (hexadecimal format) with unspent outputs at the source address
OR
input a filename located in the current directory which contains the raw transaction data
(If the transaction data is over ~4000 characters long, you _must_ use a file.):

Transaction data found for source address.
TOTAL unspent amount for this raw transaction: 0.20000000 BTC

How many private keys will you be signing this transaction with (at least 2 required)?
#: Key #1: Key #2: 
Enter fee rate.
Satoshis per vbyte: 
Based on the provided rate, the fee will be 0.00002160 bitcoin.
Confirm? (y/n): 
Please enter the decimal amount (in bitcoin) to withdraw to the destination address.

Example: For 2.3 bitcoins, enter "2.3".

After a fee of 0.00002160, you have 0.19997840 bitcoins available to withdraw.

*** Technical note for experienced Bitcoin users:  If the withdrawal amount & fee are cumulatively less than the total amount of the unspent transactions, the remainder will be sent back to the same cold storage address as change. ***

Amount to send to mxBQD1QAYpwiudaCJdRhE9QSW9cokafJ99 (leave blank to withdraw all funds stored in these unspent transactions): With no change output, the transaction fee is reduced, and 0.19998160 BTC will be sent to your destination.

Is this data correct?
*** WARNING: Incorrect data may lead to loss of funds ***

0.20000000 BTC in unspent inputs from cold storage address 2MvQKEWTdtH7uM5C72quuMukWNFkFYjm34N
0.19998160 BTC going to destination address mxBQD1QAYpwiudaCJdRhE9QSW9cokafJ99
Fee amount: 0.00001840

Signing with private keys: 
cMvAmArzxkXMh8k5FcaRWLBA2SgDSc2U8q1YE5hSLSek1GuyFBP3
cPSsBu9SyNVAS2Evy3m4ELFx7KGnudH3N77Es83nafa2xVWJGRSe


Confirm? (y/n): 
Calculating transaction...


Raw signed transaction (hex):
02000000000101cbeab360dc54774b86ec9e97c6dcd8a0271539ce1eeba944cbd27174eb68aaa40300000023220020d017965b0cae52a8b6f6e43b00118be27dae84b825959dcb77ca6b5310e53ea3ffffffff01d0253101000000001976a914b6c7733e23a271e57ca16e5cd885174917968db988ac040047304402204bb44d994bb040bec45af01dd76967f4b66116d6485c43039c8a631d41d643c502207e46d499c2fe6a12940b52a8a0b715458894595bbeaebb4ce0facf01db49a15d0147304402205d94d5ad5aa4fe8fc6dd601d814919c503fdce01179ce577694abfd7d12dd27d02200dbc3570ad98a3eaf39a7d17bdea87d77d6e44f419610c3b971ee19eb02323a801695221035a0cf2b8ad46945154d80b339f730ac0cdbc39a95550a95821adf6df6e6e3c9421038f339e9149fda8496360d689b5d6b4d66f8e64e28b1c89846efd0831512eab882103442945263f31819baf5799dc9595eba49b8f6674dadf21189f717abd630ab15053ae00000000

Transaction fingerprint (md5):
e7578d231850b53c6fd62693cecf4975
QR code for transaction written to transaction.png
