Are you running this on a computer WITHOUT a network connection of any kind? (y/n)?Have the wireless cards in this computer been physically removed? (y/n)?Are you running on battery power? (y/n)?Are you running on an operating system booted from a USB drive? (y/n)?Is your screen hidden from view of windows, cameras, and other people? (y/n)?Are smartphones and all other nearby devices turned off and in a Faraday bag? (y/n)?
You will need to enter several pieces of information to create a withdrawal transaction.


*** PLEASE BE SURE TO ENTER THE CORRECT DESTINATION ADDRESS ***


Source cold storage address: 
Redemption script for source cold storage address: 
Destination address: 
How many unspent transactions will you be using for this withdrawal? 
Please paste raw transaction #1 (hexadecimal format) with unspent outputs at the source address
OR
input a filename located in the current directory which contains the raw transaction data
(If the transaction data is over ~4000 characters long, you _must_ use a file.):

Transaction data found for source address.
TOTAL unspent amount for this raw transaction: 0.20000000 BTC

How many private keys will you be signing this transaction with? 
#: Key #1: Key #2: 
Enter fee rate.
Satoshis per vbyte: 
Based on the provided rate, the fee will be 0.00002160 bitcoin.
Confirm? (y/n): 
Please enter the decimal amount (in bitcoin) to withdraw to the destination address.

Example: For 2.3 bitcoins, enter "2.3".

After a fee of 0.00002160, you have 0.19997840 bitcoins available to withdraw.

*** Technical note for experienced Bitcoin users:  If the withdrawal amount & fee are cumulatively less than the total amount of the unspent transactions, the remainder will be sent back to the same cold storage address as change. ***

Amount to send to mxBQD1QAYpwiudaCJdRhE9QSW9cokafJ99 (leave blank to withdraw all funds stored in these unspent transactions): With no change output, the transaction fee is reduced, and 0.19998160 BTC will be sent to your destination.

Is this data correct?
*** WARNING: Incorrect data may lead to loss of funds ***

0.20000000 BTC in unspent inputs from cold storage address 2MvQKEWTdtH7uM5C72quuMukWNFkFYjm34N
0.19998160 BTC going to destination address mxBQD1QAYpwiudaCJdRhE9QSW9cokafJ99
Fee amount: 0.00001840

Signing with private keys: 
cMvAmArzxkXMh8k5FcaRWLBA2SgDSc2U8q1YE5hSLSek1GuyFBP3
cPSsBu9SyNVAS2Evy3m4ELFx7KGnudH3N77Es83nafa2xVWJGRSe


Confirm? (y/n): 
Calculating transaction...


Raw signed transaction (hex):
020000000001016277f8621167a9e0d258fea403f79b42d684e9d81e1fa6ffd6266d86392def4f0300000023220020d017965b0cae52a8b6f6e43b00118be27dae84b825959dcb77ca6b5310e53ea3ffffffff01d0253101000000001976a914b6c7733e23a271e57ca16e5cd885174917968db988ac0400473044022046fc19c8fc2b5557a5cecab0e78e39cc8e1269432aec37b152224194c8f8ed1a0220217f56e4a92438f128e546f93cc46d6f7bf1fd4826db9f7f9fa16afa43304bdd01473044022055a26320541b4f66e6caad0ac2bed13ea686e0145c37424ad80b64c82be7ecf002206e0985263057166bcfa4e027d544c484a28f004dc0598bccc0ee344f4dd6c11e01695221035a0cf2b8ad46945154d80b339f730ac0cdbc39a95550a95821adf6df6e6e3c9421038f339e9149fda8496360d689b5d6b4d66f8e64e28b1c89846efd0831512eab882103442945263f31819baf5799dc9595eba49b8f6674dadf21189f717abd630ab15053ae00000000

Transaction fingerprint (md5):
d83d29cdd42e36efcc4608cad56a2268
QR code for transaction written to transaction.png
