Are you running this on a computer WITHOUT a network connection of any kind? (y/n)?Have the wireless cards in this computer been physically removed? (y/n)?Are you running on battery power? (y/n)?Are you running on an operating system booted from a USB drive? (y/n)?Is your screen hidden from view of windows, cameras, and other people? (y/n)?Are smartphones and all other nearby devices turned off and in a Faraday bag? (y/n)?
You will need to enter several pieces of information to create a withdrawal transaction.


*** PLEASE BE SURE TO ENTER THE CORRECT DESTINATION ADDRESS ***


Source cold storage address: 
Redemption script for source cold storage address: 
Destination address: 
How many unspent transactions will you be using for this withdrawal? 
Please paste raw transaction #1 (hexadecimal format) with unspent outputs at the source address
OR
input a filename located in the current directory which contains the raw transaction data
(If the transaction data is over ~4000 characters long, you _must_ use a file.):

Transaction data found for source address.
TOTAL unspent amount for this raw transaction: 0.42500000 BTC

How many private keys will you be signing this transaction with (at least 2 required to complete transaction)?
#: Key #1: Key #2: Key #3: Key #4: 
Enter fee rate.
Satoshis per vbyte: 
Based on the provided rate, the fee will be 0.00004030 bitcoin.
Confirm? (y/n): 
Please enter the decimal amount (in bitcoin) to withdraw to the destination address.

Example: For 2.3 bitcoins, enter "2.3".

After a fee of 0.00004030, you have 0.42495970 bitcoins available to withdraw.

*** Technical note for experienced Bitcoin users:  If the withdrawal amount & fee are cumulatively less than the total amount of the unspent transactions, the remainder will be sent back to the same cold storage address as change. ***

Amount to send to 2N5PvoFj6adLPcqHAD24MxEZxvdQMGBLXow (leave blank to withdraw all funds stored in these unspent transactions): With no change output, the transaction fee is reduced, and 0.42496290 BTC will be sent to your destination.

Is this data correct?
*** WARNING: Incorrect data may lead to loss of funds ***

0.42500000 BTC in unspent inputs from cold storage address 2NAVkgszAvjZZwWpHpbCaxSaNqCCXPD8Bts
0.42496290 BTC going to destination address 2N5PvoFj6adLPcqHAD24MxEZxvdQMGBLXow
Fee amount: 0.00003710

Signing with private keys: 
cQCrT9Ncs9729ao7jbmAWrD9z7tF64s2yKzmD6nkiLAi9sXVZWAn
cP65UeSDZPiTLB6CBwasWv9oJYEjRgQXhswfwcT9HscEKDcEbgy4
cNYaH3onqrdMffpznhMMmrHn34fuTU59w5j8LM3H42VPcUsLeXy5
cRoydfinDRzzRQJp5niqJWukSYTfPJQM6ytqGN6nzonaz1mafgwD


Confirm? (y/n): 
Calculating transaction...

Final fee rate: 10.00 satoshis per vbyte

Raw signed transaction (hex):
020000000162b244850612caff0ef257a76a23e51cee4e08fac70a8cf01dfe686f37eca69f01000000fd1e010047304402205431f6426d7cf48678eed3e83ae956d199eab0c72b037a411cd230a3d23b023e02200ccbb6d1e31da29818ba7d43855e484629be26dc393275a43f079f85f5124da101473044022028a159daf40094968d8fa41bfd1bef43a9e3204c3a9fd0221504ea272215873a02207f8658bed5d5a86652e721df4923a7b53c2a223e4d7e456fb37d77e8218cc8c1014c8b522103d14ddcfb6817f5579695bbb3eb3e185887bf2942b031e6f716343b8fe7e9e8e221028fcd46f8614b2cbf318096968242a1e22bcfb6d8f2b6dc939c8c27c347b2937b210315acb550120f4cdcb460d5c49080ab508ca4ccd8dedecac22feeac8cd017d4c121022b063ee2f22f9e1982c140fe778672c683111a796dcccdbd47bb65e3d608a98354aeffffffff01227188020000000017a9148546e747c8094376b0a0af44bc5bbb8dd4f0218d8700000000

Transaction fingerprint (md5):
349e81dbdee6b2bcba5597d681c05ba9
QR code for transaction written to transaction.png
