Are you running this on a computer WITHOUT a network connection of any kind? (y/n)?Have the wireless cards in this computer been physically removed? (y/n)?Are you running on battery power? (y/n)?Are you running on an operating system booted from a USB drive? (y/n)?Is your screen hidden from view of windows, cameras, and other people? (y/n)?Are smartphones and all other nearby devices turned off and in a Faraday bag? (y/n)?
You will need to enter several pieces of information to create a withdrawal transaction.


*** PLEASE BE SURE TO ENTER THE CORRECT DESTINATION ADDRESS ***


Source cold storage address: 
Redemption script for source cold storage address: 
Destination address: 
How many unspent transactions will you be using for this withdrawal? 
Please paste raw transaction #1 (hexadecimal format) with unspent outputs at the source address
OR
input a filename located in the current directory which contains the raw transaction data
(If the transaction data is over ~4000 characters long, you _must_ use a file.):

Transaction data found for source address.
TOTAL unspent amount for this raw transaction: 0.20000000 BTC

How many private keys will you be signing this transaction with (at least 2 required)?
#: Key #1: Key #2: 
Enter fee rate.
Satoshis per vbyte: 
Based on the provided rate, the fee will be 0.00003690 bitcoin.
Confirm? (y/n): 
Please enter the decimal amount (in bitcoin) to withdraw to the destination address.

Example: For 2.3 bitcoins, enter "2.3".

After a fee of 0.00003690, you have 0.19996310 bitcoins available to withdraw.

*** Technical note for experienced Bitcoin users:  If the withdrawal amount & fee are cumulatively less than the total amount of the unspent transactions, the remainder will be sent back to the same cold storage address as change. ***

Amount to send to mxBQD1QAYpwiudaCJdRhE9QSW9cokafJ99 (leave blank to withdraw all funds stored in these unspent transactions): With no change output, the transaction fee is reduced, and 0.19996630 BTC will be sent to your destination.

Is this data correct?
*** WARNING: Incorrect data may lead to loss of funds ***

0.20000000 BTC in unspent inputs from cold storage address 2NGPJX8kzdRpAQJuZWMpCBth1umjQFHeFcz
0.19996630 BTC going to destination address mxBQD1QAYpwiudaCJdRhE9QSW9cokafJ99
Fee amount: 0.00003370

Signing with private keys: 
cVV1MBAgdAnrX8bjQWSJcgZAbVtprR8kgdfez858ejvXs3qZWqn2
cQy39MvkMKeaEvG1wXejdtEvAdU381u9EBBmcKUJWbfn6QL82YvR


Confirm? (y/n): 
Calculating transaction...


Raw signed transaction (hex):
02000000017870ad718fb9a1dbb84a62168e729f2913fa57eea0234d519e6dba906b94515400000000fc00473044022046b406774b487b8b9756e2a0dbdaecbd48a2ab3e0458b53dfe97b9f9a40c1c650220622aa13f83f2a59df4c267628e4a91b35f4785624536897bb3e833dc6c695e640147304402201977651e7ab908e9c8cfdadae24bb86f1dc1df44d6e8f11240155e8248e8ae4102204447e64c6cb5d293539be31bc4b7531ab194511ac1ab729e9f72441fdc94784b014c6952210320849607eed265c09f51cda0e972426558276384870651250aa4e8638c334ced2102766c70472a8a3de751d126eddac8436338f8447b1967b5aa3b12a2b9a6e712e921039080ddc448e7fe4985676a7d2d6567dfc2febb8207a6f29b9737233f4c3b44d653aeffffffff01d61f3101000000001976a914b6c7733e23a271e57ca16e5cd885174917968db988ac00000000

Transaction fingerprint (md5):
02dc3a90577f1d32290902ce59e36585
QR code for transaction written to transaction.png
