Are you running this on a computer WITHOUT a network connection of any kind? (y/n)?Have the wireless cards in this computer been physically removed? (y/n)?Are you running on battery power? (y/n)?Are you running on an operating system booted from a USB drive? (y/n)?Is your screen hidden from view of windows, cameras, and other people? (y/n)?Are smartphones and all other nearby devices turned off and in a Faraday bag? (y/n)?
You will need to enter several pieces of information to create a withdrawal transaction.


*** PLEASE BE SURE TO ENTER THE CORRECT DESTINATION ADDRESS ***


Source cold storage address: 
Redemption script for source cold storage address: 
Destination address: 
How many unspent transactions will you be using for this withdrawal? 
Please paste raw transaction #1 (hexadecimal format) with unspent outputs at the source address
OR
input a filename located in the current directory which contains the raw transaction data
(If the transaction data is over ~4000 characters long, you _must_ use a file.):

Transaction data found for source address.
TOTAL unspent amount for this raw transaction: 0.20000000 BTC

How many private keys will you be signing this transaction with (at least 2 required to complete transaction)?
#: Key #1: Key #2: 
Enter fee rate.
Satoshis per vbyte: 
Based on the provided rate, the fee will be 0.00003690 bitcoin.
Confirm? (y/n): 
Please enter the decimal amount (in bitcoin) to withdraw to the destination address.

Example: For 2.3 bitcoins, enter "2.3".

After a fee of 0.00003690, you have 0.19996310 bitcoins available to withdraw.

*** Technical note for experienced Bitcoin users:  If the withdrawal amount & fee are cumulatively less than the total amount of the unspent transactions, the remainder will be sent back to the same cold storage address as change. ***

Amount to send to mxBQD1QAYpwiudaCJdRhE9QSW9cokafJ99 (leave blank to withdraw all funds stored in these unspent transactions): With no change output, the transaction fee is reduced, and 0.19996630 BTC will be sent to your destination.

Is this data correct?
*** WARNING: Incorrect data may lead to loss of funds ***

0.20000000 BTC in unspent inputs from cold storage address 2NGPJX8kzdRpAQJuZWMpCBth1umjQFHeFcz
0.19996630 BTC going to destination address mxBQD1QAYpwiudaCJdRhE9QSW9cokafJ99
Fee amount: 0.00003370

Signing with private keys: 
cVV1MBAgdAnrX8bjQWSJcgZAbVtprR8kgdfez858ejvXs3qZWqn2
cQy39MvkMKeaEvG1wXejdtEvAdU381u9EBBmcKUJWbfn6QL82YvR


Confirm? (y/n): 
Calculating transaction...

Final fee rate: 10.00 satoshis per vbyte

Raw signed transaction (hex):
0200000001a50d6753ae432203d464d51e006b97dc654d26b743953235e507129c8428cff500000000fc00473044022018e5fe19eedf2abec9b4a74a8ab0e973625af14eeed940df519f4db2653a8d55022052dcd605e118c841307f8575b8813f2a8b415276252fa03dc70e961cdcadf7d801473044022039a14fc5049dc00370bf635e0f6f74f79d0dc498f65c0e58027fa3b80728bd4402201b0fbaff27bbcc59bebec588505319e3830a542f9847cd51d041fb9edc3a58a6014c6952210320849607eed265c09f51cda0e972426558276384870651250aa4e8638c334ced2102766c70472a8a3de751d126eddac8436338f8447b1967b5aa3b12a2b9a6e712e921039080ddc448e7fe4985676a7d2d6567dfc2febb8207a6f29b9737233f4c3b44d653aeffffffff01d61f3101000000001976a914b6c7733e23a271e57ca16e5cd885174917968db988ac00000000

Transaction fingerprint (md5):
85f0e19ad41a79ef6c269d0931c5af67
QR code for transaction written to transaction.png
